Alphabet:    
States: A   
Start: A    
Terminals: 

