Alphabet: a   
States: a   
Start: a    
Terminals: 
a -> a: a
